AlefMarksAbove,GPOS,21
AlefToBase,GPOS,113
AllahAlef,GSUB,86
AllahLigatures,GSUB,20
AyahAlternates,GSUB,72
BowtieHehDoTT,GSUB,49
CommaAlternates,GSUB,80
ComposeLowHamzaAbove,GSUB,21
DaggerAlefAlternates,GSUB,67
DaggerAlefFixup,GSUB,83
DaggerAlefToLarge,GSUB,36
DalAlternate,GSUB,39
DalAlternateTT,GSUB,37
DalSimpleTT,GSUB,38
DammaAlternates,GSUB,62
DammaCrossedTT,GSUB,61
DammaFilledTT,GSUB,59
DammaInvertedAlternates,GSUB,66
DammaShortTT,GSUB,60
DammatanAlternate,GSUB,65
DammatanSixNineTT,GSUB,63
DammatanTwoNineTT,GSUB,64
DecimalSepAlternate,GSUB,81
DecomposeForColor,GSUB,1
DiacShifting,GPOS,119
DigitAlternates,GSUB,79
DigitDefaultTT,GSUB,78
DigitKurdishTT,GSUB,76
DigitRohingyaTT,GSUB,77
DigitSindhiTT,GSUB,74
DigitUrduTT,GSUB,75
FontCheck,GSUB,4
HamzaLigatures,GSUB,23
HehAlternates,GSUB,47
HehDoAlternates,GSUB,51
HonLigAlternates,GSUB,73
KashmiriCALT,GSUB,27
KasraAlternates,GSUB,58
KasraHighTT,GSUB,35
KasraLowTT,GSUB,34
KnottedHehDoTT,GSUB,50
KurdishCALT,GSUB,28
KurdishHehDoTT,GSUB,48
KurdishHehTT,GSUB,44
KyrgyzCALT,GSUB,29
KyrgyzOeAlternates,GSUB,52
LamAlefKerning,GPOS,20
LamAlefLigatures,GSUB,85
LamAlefMark2Adjust,GPOS,116
LatinPunctuation,GSUB,10
MaddaAlternate,GSUB,56
MarkKashidas,GSUB,102
MarkToBase,GPOS,112
MarkToLig,GPOS,114
MarkToMarkAbove,GPOS,117
MarkToMarkBelow,GPOS,118
MeemAlternate,GSUB,43
MeemLongTT,GSUB,42
MeemMarkLigatures,GSUB,25
MeemSindhiTT,GSUB,41
Mirror,GSUB,0
MiscKashidaKerning,GPOS,44
MiscKashidas,GSUB,101
MiscKerning,GPOS,30
MiscKerningWDiacs,GPOS,31
RehWawKerning,GPOS,19
RehWawKerning1,GPOS,18
ReorderMaddaVowel1,GSUB,6
ReorderMaddaVowel2,GSUB,8
RohingyaCALT,GSUB,30
SadDadAlternate,GSUB,40
ShaddaKasraLigatures,GSUB,82
ShaddaLigatures,GSUB,24
SignWithDigits,GSUB,93
SindhiCALT,GSUB,31
SindhiHehTT,GSUB,45
SmallMadda,GSUB,9
SubtendingMarks,GPOS,45
SukunAlternates,GSUB,71
SukunClosedTT,GSUB,70
SukunDownTT,GSUB,68
SukunLeftTT,GSUB,69
ToothKashidaKerningIM,GPOS,41
ToothKashidaKerningIMF,GPOS,43
ToothKashidaKerningMM,GPOS,42
ToothKashidasIM,GSUB,98
ToothKashidasIMF,GSUB,100
ToothKashidasMM,GSUB,99
UrduCALT,GSUB,32
UrduHehTT,GSUB,46
WideKashida,GSUB,103
WolofCALT,GSUB,33
YehHamzaAlternates,GSUB,55
YehHamzaMidTT,GSUB,54
YehHamzaRightTT,GSUB,53
_AllahSub_Alef,GSUB,14
_AllahSub_Heh,GSUB,18
_AllahSub_Lam1,GSUB,15
_AllahSub_Lam2,GSUB,16
_AllahSub_Lam2_insertSA,GSUB,17
_AllahSub_Shadda_insertA,GSUB,19
_FontCheck_Unknow,GSUB,2
_FontCheck_n,GSUB,3
_Insert2Kashidas,GSUB,95
_Insert2KashidasBefore,GSUB,97
_InsertKashida,GSUB,94
_InsertKashidaBefore,GSUB,96
_LigateHamzaMarks,GSUB,22
_ReorderMaddaVowel1,GSUB,5
_ReorderMaddaVowel2,GSUB,7
_kern100,GPOS,3
_kern130,GPOS,4
_kern140,GPOS,5
_kern150,GPOS,6
_kern170,GPOS,7
_kern215,GPOS,8
_kern290,GPOS,9
_kern50,GPOS,0
_kern70,GPOS,1
_kern90,GPOS,2
_kern_190,GPOS,10
_kern_215,GPOS,11
_kern_290,GPOS,12
_kern_300,GPOS,13
_kern_380,GPOS,14
_kern_410,GPOS,15
_kern_550,GPOS,16
_kern_580,GPOS,17
_kkern_100,GPOS,35
_kkern_120,GPOS,36
_kkern_140,GPOS,37
_kkern_160,GPOS,38
_kkern_180,GPOS,39
_kkern_240,GPOS,40
_kkern_40,GPOS,32
_kkern_60,GPOS,33
_kkern_80,GPOS,34
_mark2_to_base,GPOS,115
_signDigits_ToMedium,GSUB,91
_signDigits_ToSmall,GSUB,92
_signWith_2digits,GSUB,90
_signWith_3digits,GSUB,89
_signWith_4digits,GSUB,88
dfltCALT,GSUB,26
ltrFina,GSUB,11
ltrInit,GSUB,13
ltrMedi,GSUB,12
